a
aa
aba
abba
abcba
abdba
abeba
abfba
aca
ada
aea
afa
b
baab
bab
bacab
badab
baeab
bafab
bb
bcb
bdb
beb
bfb
c
d
e
f
