a
aa
aaa
aaaa
aabaa
aacaa
aadaa
aaeaa
aba
aca
ada
aea
b
c
d
e
