a
b
bab
bb
bbabb
bbb
bbbb
bbbbb
bbcbb
bbdbb
bcb
bdb
c
d
