a
aa
aba
abba
abcba
abccba
abcdcba
abcecba
abdba
abeba
aca
acbbca
acbca
acbdbca
acbebca
acca
acdca
aceca
ada
aea
b
baab
bab
bacab
baccab
bacdcab
bacecab
badab
baeab
bb
bcaacb
bcacb
bcadacb
bcaeacb
bcb
bccb
bcdcb
bcecb
bdb
beb
c
caac
cabac
cabbac
cabdbac
cabebac
cac
cadac
caeac
cbaabc
cbabc
cbadabc
cbaeabc
cbbc
cbc
cbdbc
cbebc
cc
cdc
cec
d
e
