a
aa
aaa
aaaa
aabaa
aabbaa
aabcbaa
aabccbaa
aabchcbaa
aabchhcbaa
aabchihcbaa
aabchmhcbaa
aabchnhcbaa
aabchthcbaa
aabcicbaa
aabcmcbaa
aabcncbaa
aabctcbaa
aabhbaa
aabhcchbaa
aabhchbaa
aabhcichbaa
aabhcmchbaa
aabhcnchbaa
aabhctchbaa
aabhhbaa
aabhihbaa
aabhmhbaa
aabhnhbaa
aabhthbaa
aabibaa
aabmbaa
aabnbaa
aabtbaa
aacaa
aacbbcaa
aacbcaa
aacbhbcaa
aacbhhbcaa
aacbhihbcaa
aacbhmhbcaa
aacbhnhbcaa
aacbhthbcaa
aacbibcaa
aacbmbcaa
aacbnbcaa
aacbtbcaa
aaccaa
aachbbhcaa
aachbhcaa
aachbibhcaa
aachbmbhcaa
aachbnbhcaa
aachbtbhcaa
aachcaa
aachhcaa
aachihcaa
aachmhcaa
aachnhcaa
aachthcaa
aacicaa
aacmcaa
aacncaa
aactcaa
aahaa
aahbbhaa
aahbcbhaa
aahbccbhaa
aahbcicbhaa
aahbcmcbhaa
aahbcncbhaa
aahbctcbhaa
aahbhaa
aahbibhaa
aahbmbhaa
aahbnbhaa
aahbtbhaa
aahcbbchaa
aahcbchaa
aahcbibchaa
aahcbmbchaa
aahcbnbchaa
aahcbtbchaa
aahcchaa
aahchaa
aahcichaa
aahcmchaa
aahcnchaa
aahctchaa
aahhaa
aahihaa
aahmhaa
aahnhaa
aahthaa
aaiaa
aamaa
aanaa
aataa
aba
abaaba
ababa
abacaba
abaccaba
abachcaba
abachhcaba
abachihcaba
abachmhcaba
abachnhcaba
abachthcaba
abacicaba
abacmcaba
abacncaba
abactcaba
abahaba
abahcchaba
abahchaba
abahcichaba
abahcmchaba
abahcnchaba
abahctchaba
abahhaba
abahihaba
abahmhaba
abahnhaba
abahthaba
abaiaba
abamaba
abanaba
abataba
abba
abcaacba
abcacba
abcahacba
abcahhacba
abcahihacba
abcahmhacba
abcahnhacba
abcahthacba
abcaiacba
abcamacba
abcanacba
abcatacba
abcba
abccba
abchaahcba
abchahcba
abchaiahcba
abchamahcba
abchanahcba
abchatahcba
abchcba
abchhcba
abchihcba
abchmhcba
abchnhcba
abchthcba
abcicba
abcmcba
abcncba
abctcba
abhaahba
abhacahba
abhaccahba
abhacicahba
abhacmcahba
abhacncahba
abhactcahba
abhahba
abhaiahba
abhamahba
abhanahba
abhatahba
abhba
abhcaachba
abhcachba
abhcaiachba
abhcamachba
abhcanachba
abhcatachba
abhcchba
abhchba
abhcichba
abhcmchba
abhcnchba
abhctchba
abhhba
abhihba
abhmhba
abhnhba
abhthba
abiba
abmba
abnba
abtba
aca
acaaca
acabaca
acabbaca
acabhbaca
acabhhbaca
acabhihbaca
acabhmhbaca
acabhnhbaca
acabhthbaca
acabibaca
acabmbaca
acabnbaca
acabtbaca
acaca
acahaca
acahbbhaca
acahbhaca
acahbibhaca
acahbmbhaca
acahbnbhaca
acahbtbhaca
acahhaca
acahihaca
acahmhaca
acahnhaca
acahthaca
acaiaca
acamaca
acanaca
acataca
acbaabca
acbabca
acbahabca
acbahhabca
acbahihabca
acbahmhabca
acbahnhabca
acbahthabca
acbaiabca
acbamabca
acbanabca
acbatabca
acbbca
acbca
acbhaahbca
acbhahbca
acbhaiahbca
acbhamahbca
acbhanahbca
acbhatahbca
acbhbca
acbhhbca
acbhihbca
acbhmhbca
acbhnhbca
acbhthbca
acbibca
acbmbca
acbnbca
acbtbca
acca
achaahca
achabahca
achabbahca
achabibahca
achabmbahca
achabnbahca
achabtbahca
achahca
achaiahca
achamahca
achanahca
achatahca
achbaabhca
achbabhca
achbaiabhca
achbamabhca
achbanabhca
achbatabhca
achbbhca
achbhca
achbibhca
achbmbhca
achbnbhca
achbtbhca
achca
achhca
achihca
achmhca
achnhca
achthca
acica
acmca
acnca
actca
aha
ahaaha
ahabaha
ahabbaha
ahabcbaha
ahabccbaha
ahabcicbaha
ahabcmcbaha
ahabcncbaha
ahabctcbaha
ahabibaha
ahabmbaha
ahabnbaha
ahabtbaha
ahacaha
ahacbbcaha
ahacbcaha
ahacbibcaha
ahacbmbcaha
ahacbnbcaha
ahacbtbcaha
ahaccaha
ahacicaha
ahacmcaha
ahacncaha
ahactcaha
ahaha
ahaiaha
ahamaha
ahanaha
ahataha
ahbaabha
ahbabha
ahbacabha
ahbaccabha
ahbacicabha
ahbacmcabha
ahbacncabha
ahbactcabha
ahbaiabha
ahbamabha
ahbanabha
ahbatabha
ahbbha
ahbcaacbha
ahbcacbha
ahbcaiacbha
ahbcamacbha
ahbcanacbha
ahbcatacbha
ahbcbha
ahbccbha
ahbcicbha
ahbcmcbha
ahbcncbha
ahbctcbha
ahbha
ahbibha
ahbmbha
ahbnbha
ahbtbha
ahcaacha
ahcabacha
ahcabbacha
ahcabibacha
ahcabmbacha
ahcabnbacha
ahcabtbacha
ahcacha
ahcaiacha
ahcamacha
ahcanacha
ahcatacha
ahcbaabcha
ahcbabcha
ahcbaiabcha
ahcbamabcha
ahcbanabcha
ahcbatabcha
ahcbbcha
ahcbcha
ahcbibcha
ahcbmbcha
ahcbnbcha
ahcbtbcha
ahccha
ahcha
ahcicha
ahcmcha
ahcncha
ahctcha
ahha
ahiha
ahmha
ahnha
ahtha
aia
ama
ana
ata
b
baaaab
baaab
baab
baacaab
baaccaab
baachcaab
baachhcaab
baachihcaab
baachmhcaab
baachnhcaab
baachthcaab
baacicaab
baacmcaab
baacncaab
baactcaab
baahaab
baahcchaab
baahchaab
baahcichaab
baahcmchaab
baahcnchaab
baahctchaab
baahhaab
baahihaab
baahmhaab
baahnhaab
baahthaab
baaiaab
baamaab
baanaab
baataab
bab
bacaacab
bacab
bacacab
bacahacab
bacahhacab
bacahihacab
bacahmhacab
bacahnhacab
bacahthacab
bacaiacab
bacamacab
bacanacab
bacatacab
baccab
bachaahcab
bachahcab
bachaiahcab
bachamahcab
bachanahcab
bachatahcab
bachcab
bachhcab
bachihcab
bachmhcab
bachnhcab
bachthcab
bacicab
bacmcab
bacncab
bactcab
bahaahab
bahab
bahacahab
bahaccahab
bahacicahab
bahacmcahab
bahacncahab
bahactcahab
bahahab
bahaiahab
bahamahab
bahanahab
bahatahab
bahcaachab
bahcachab
bahcaiachab
bahcamachab
bahcanachab
bahcatachab
bahcchab
bahchab
bahcichab
bahcmchab
bahcnchab
bahctchab
bahhab
bahihab
bahmhab
bahnhab
bahthab
baiab
bamab
banab
batab
bb
bcaaaacb
bcaaacb
bcaacb
bcaahaacb
bcaahhaacb
bcaahihaacb
bcaahmhaacb
bcaahnhaacb
bcaahthaacb
bcaaiaacb
bcaamaacb
bcaanaacb
bcaataacb
bcacb
bcahaahacb
bcahacb
bcahahacb
bcahaiahacb
bcahamahacb
bcahanahacb
bcahatahacb
bcahhacb
bcahihacb
bcahmhacb
bcahnhacb
bcahthacb
bcaiacb
bcamacb
bcanacb
bcatacb
bcb
bccb
bchaaaahcb
bchaaahcb
bchaahcb
bchaaiaahcb
bchaamaahcb
bchaanaahcb
bchaataahcb
bchahcb
bchaiahcb
bchamahcb
bchanahcb
bchatahcb
bchcb
bchhcb
bchihcb
bchmhcb
bchnhcb
bchthcb
bcicb
bcmcb
bcncb
bctcb
bhaaaahb
bhaaahb
bhaacaahb
bhaaccaahb
bhaacicaahb
bhaacmcaahb
bhaacncaahb
bhaactcaahb
bhaahb
bhaaiaahb
bhaamaahb
bhaanaahb
bhaataahb
bhacaacahb
bhacacahb
bhacahb
bhacaiacahb
bhacamacahb
bhacanacahb
bhacatacahb
bhaccahb
bhacicahb
bhacmcahb
bhacncahb
bhactcahb
bhahb
bhaiahb
bhamahb
bhanahb
bhatahb
bhb
bhcaaaachb
bhcaaachb
bhcaachb
bhcaaiaachb
bhcaamaachb
bhcaanaachb
bhcaataachb
bhcachb
bhcaiachb
bhcamachb
bhcanachb
bhcatachb
bhcchb
bhchb
bhcichb
bhcmchb
bhcnchb
bhctchb
bhhb
bhihb
bhmhb
bhnhb
bhthb
bib
bmb
bnb
btb
c
caaaac
caaac
caabaac
caabbaac
caabhbaac
caabhhbaac
caabhihbaac
caabhmhbaac
caabhnhbaac
caabhthbaac
caabibaac
caabmbaac
caabnbaac
caabtbaac
caac
caahaac
caahbbhaac
caahbhaac
caahbibhaac
caahbmbhaac
caahbnbhaac
caahbtbhaac
caahhaac
caahihaac
caahmhaac
caahnhaac
caahthaac
caaiaac
caamaac
caanaac
caataac
cabaabac
cababac
cabac
cabahabac
cabahhabac
cabahihabac
cabahmhabac
cabahnhabac
cabahthabac
cabaiabac
cabamabac
cabanabac
cabatabac
cabbac
cabhaahbac
cabhahbac
cabhaiahbac
cabhamahbac
cabhanahbac
cabhatahbac
cabhbac
cabhhbac
cabhihbac
cabhmhbac
cabhnhbac
cabhthbac
cabibac
cabmbac
cabnbac
cabtbac
cac
cahaahac
cahabahac
cahabbahac
cahabibahac
cahabmbahac
cahabnbahac
cahabtbahac
cahac
cahahac
cahaiahac
cahamahac
cahanahac
cahatahac
cahbaabhac
cahbabhac
cahbaiabhac
cahbamabhac
cahbanabhac
cahbatabhac
cahbbhac
cahbhac
cahbibhac
cahbmbhac
cahbnbhac
cahbtbhac
cahhac
cahihac
cahmhac
cahnhac
cahthac
caiac
camac
canac
catac
cbaaaabc
cbaaabc
cbaabc
cbaahaabc
cbaahhaabc
cbaahihaabc
cbaahmhaabc
cbaahnhaabc
cbaahthaabc
cbaaiaabc
cbaamaabc
cbaanaabc
cbaataabc
cbabc
cbahaahabc
cbahabc
cbahahabc
cbahaiahabc
cbahamahabc
cbahanahabc
cbahatahabc
cbahhabc
cbahihabc
cbahmhabc
cbahnhabc
cbahthabc
cbaiabc
cbamabc
cbanabc
cbatabc
cbbc
cbc
cbhaaaahbc
cbhaaahbc
cbhaahbc
cbhaaiaahbc
cbhaamaahbc
cbhaanaahbc
cbhaataahbc
cbhahbc
cbhaiahbc
cbhamahbc
cbhanahbc
cbhatahbc
cbhbc
cbhhbc
cbhihbc
cbhmhbc
cbhnhbc
cbhthbc
cbibc
cbmbc
cbnbc
cbtbc
cc
chaaaahc
chaaahc
chaabaahc
chaabbaahc
chaabibaahc
chaabmbaahc
chaabnbaahc
chaabtbaahc
chaahc
chaaiaahc
chaamaahc
chaanaahc
chaataahc
chabaabahc
chababahc
chabahc
chabaiabahc
chabamabahc
chabanabahc
chabatabahc
chabbahc
chabibahc
chabmbahc
chabnbahc
chabtbahc
chahc
chaiahc
chamahc
chanahc
chatahc
chbaaaabhc
chbaaabhc
chbaabhc
chbaaiaabhc
chbaamaabhc
chbaanaabhc
chbaataabhc
chbabhc
chbaiabhc
chbamabhc
chbanabhc
chbatabhc
chbbhc
chbhc
chbibhc
chbmbhc
chbnbhc
chbtbhc
chc
chhc
chihc
chmhc
chnhc
chthc
cic
cmc
cnc
ctc
h
haaaah
haaah
haabaah
haabbaah
haabcbaah
haabccbaah
haabcicbaah
haabcmcbaah
haabcncbaah
haabctcbaah
haabibaah
haabmbaah
haabnbaah
haabtbaah
haacaah
haacbbcaah
haacbcaah
haacbibcaah
haacbmbcaah
haacbnbcaah
haacbtbcaah
haaccaah
haacicaah
haacmcaah
haacncaah
haactcaah
haah
haaiaah
haamaah
haanaah
haataah
habaabah
hababah
habacabah
habaccabah
habacicabah
habacmcabah
habacncabah
habactcabah
habah
habaiabah
habamabah
habanabah
habatabah
habbah
habcaacbah
habcacbah
habcaiacbah
habcamacbah
habcanacbah
habcatacbah
habcbah
habccbah
habcicbah
habcmcbah
habcncbah
habctcbah
habibah
habmbah
habnbah
habtbah
hacaacah
hacabacah
hacabbacah
hacabibacah
hacabmbacah
hacabnbacah
hacabtbacah
hacacah
hacah
hacaiacah
hacamacah
hacanacah
hacatacah
hacbaabcah
hacbabcah
hacbaiabcah
hacbamabcah
hacbanabcah
hacbatabcah
hacbbcah
hacbcah
hacbibcah
hacbmbcah
hacbnbcah
hacbtbcah
haccah
hacicah
hacmcah
hacncah
hactcah
hah
haiah
hamah
hanah
hatah
hbaaaabh
hbaaabh
hbaabh
hbaacaabh
hbaaccaabh
hbaacicaabh
hbaacmcaabh
hbaacncaabh
hbaactcaabh
hbaaiaabh
hbaamaabh
hbaanaabh
hbaataabh
hbabh
hbacaacabh
hbacabh
hbacacabh
hbacaiacabh
hbacamacabh
hbacanacabh
hbacatacabh
hbaccabh
hbacicabh
hbacmcabh
hbacncabh
hbactcabh
hbaiabh
hbamabh
hbanabh
hbatabh
hbbh
hbcaaaacbh
hbcaaacbh
hbcaacbh
hbcaaiaacbh
hbcaamaacbh
hbcaanaacbh
hbcaataacbh
hbcacbh
hbcaiacbh
hbcamacbh
hbcanacbh
hbcatacbh
hbcbh
hbccbh
hbcicbh
hbcmcbh
hbcncbh
hbctcbh
hbh
hbibh
hbmbh
hbnbh
hbtbh
hcaaaach
hcaaach
hcaabaach
hcaabbaach
hcaabibaach
hcaabmbaach
hcaabnbaach
hcaabtbaach
hcaach
hcaaiaach
hcaamaach
hcaanaach
hcaataach
hcabaabach
hcababach
hcabach
hcabaiabach
hcabamabach
hcabanabach
hcabatabach
hcabbach
hcabibach
hcabmbach
hcabnbach
hcabtbach
hcach
hcaiach
hcamach
hcanach
hcatach
hcbaaaabch
hcbaaabch
hcbaabch
hcbaaiaabch
hcbaamaabch
hcbaanaabch
hcbaataabch
hcbabch
hcbaiabch
hcbamabch
hcbanabch
hcbatabch
hcbbch
hcbch
hcbibch
hcbmbch
hcbnbch
hcbtbch
hcch
hch
hcich
hcmch
hcnch
hctch
hh
hih
hmh
hnh
hth
i
m
n
t
